---
source: src/builder/patcher.rs
expression: result
---
package main
import testing "github.com/CodSpeedHQ/codspeed-go/compat/testing"
import "fmt"

func TestExample(t *testing.T) {
    fmt.Println("testing")
}
