---
source: src/builder/patcher.rs
expression: result
---
package main

import testing "github.com/CodSpeedHQ/codspeed-go/compat/testing"

import (
    "fmt"
    "something"
)
