---
source: src/integration_tests.rs
expression: content
---
{
  "creator": {
    "name": "codspeed-go",
    "version": "0.1.0",
    "pid": "[pid]"
  },
  "instrument": {
    "type": "walltime"
  },
  "benchmarks": [
    {
      "name": "BenchmarkForMap",
      "uri": "foreach/foreach_test.go::BenchmarkForMap",
      "config": {
        "warmup_time_ns": null,
        "min_round_time_ns": null,
        "max_time_ns": null,
        "max_rounds": null
      },
      "stats": "[stats]"
    },
    {
      "name": "BenchmarkRangeMap",
      "uri": "foreach/foreach_test.go::BenchmarkRangeMap",
      "config": {
        "warmup_time_ns": null,
        "min_round_time_ns": null,
        "max_time_ns": null,
        "max_rounds": null
      },
      "stats": "[stats]"
    },
    {
      "name": "BenchmarkRangeSlice",
      "uri": "foreach/foreach_test.go::BenchmarkRangeSlice",
      "config": {
        "warmup_time_ns": null,
        "min_round_time_ns": null,
        "max_time_ns": null,
        "max_rounds": null
      },
      "stats": "[stats]"
    },
    {
      "name": "BenchmarkRangeSliceKey",
      "uri": "foreach/foreach_test.go::BenchmarkRangeSliceKey",
      "config": {
        "warmup_time_ns": null,
        "min_round_time_ns": null,
        "max_time_ns": null,
        "max_rounds": null
      },
      "stats": "[stats]"
    }
  ]
}
