---
source: go-runner/src/integration_tests.rs
expression: results
---
[
  {
    "creator": {
      "name": "codspeed-go",
      "version": "[version]",
      "pid": "[pid]"
    },
    "instrument": {
      "type": "walltime"
    },
    "benchmarks": [
      {
        "name": "BenchmarkBase64decode",
        "uri": "base64/base64_test.go::BenchmarkBase64decode",
        "config": {
          "warmup_time_ns": null,
          "min_round_time_ns": null,
          "max_time_ns": null,
          "max_rounds": null
        },
        "stats": "[stats]"
      },
      {
        "name": "BenchmarkBase64regex",
        "uri": "base64/base64_test.go::BenchmarkBase64regex",
        "config": {
          "warmup_time_ns": null,
          "min_round_time_ns": null,
          "max_time_ns": null,
          "max_rounds": null
        },
        "stats": "[stats]"
      }
    ]
  },
  {
    "creator": {
      "name": "codspeed-go",
      "version": "[version]",
      "pid": "[pid]"
    },
    "instrument": {
      "type": "walltime"
    },
    "benchmarks": [
      {
        "name": "BenchmarkCompileMatch",
        "uri": "contains/contains_test.go::BenchmarkCompileMatch",
        "config": {
          "warmup_time_ns": null,
          "min_round_time_ns": null,
          "max_time_ns": null,
          "max_rounds": null
        },
        "stats": "[stats]"
      },
      {
        "name": "BenchmarkCompileMatchNot",
        "uri": "contains/contains_test.go::BenchmarkCompileMatchNot",
        "config": {
          "warmup_time_ns": null,
          "min_round_time_ns": null,
          "max_time_ns": null,
          "max_rounds": null
        },
        "stats": "[stats]"
      },
      {
        "name": "BenchmarkContains",
        "uri": "contains/contains_test.go::BenchmarkContains",
        "config": {
          "warmup_time_ns": null,
          "min_round_time_ns": null,
          "max_time_ns": null,
          "max_rounds": null
        },
        "stats": "[stats]"
      },
      {
        "name": "BenchmarkContainsBytes",
        "uri": "contains/contains_test.go::BenchmarkContainsBytes",
        "config": {
          "warmup_time_ns": null,
          "min_round_time_ns": null,
          "max_time_ns": null,
          "max_rounds": null
        },
        "stats": "[stats]"
      },
      {
        "name": "BenchmarkContainsBytesNot",
        "uri": "contains/contains_test.go::BenchmarkContainsBytesNot",
        "config": {
          "warmup_time_ns": null,
          "min_round_time_ns": null,
          "max_time_ns": null,
          "max_rounds": null
        },
        "stats": "[stats]"
      },
      {
        "name": "BenchmarkContainsMethods::Bytes.Contains",
        "uri": "contains/contains_test.go::BenchmarkContainsMethods::Bytes.Contains",
        "config": {
          "warmup_time_ns": null,
          "min_round_time_ns": null,
          "max_time_ns": null,
          "max_rounds": null
        },
        "stats": "[stats]"
      },
      {
        "name": "BenchmarkContainsMethods::RegexMatch",
        "uri": "contains/contains_test.go::BenchmarkContainsMethods::RegexMatch",
        "config": {
          "warmup_time_ns": null,
          "min_round_time_ns": null,
          "max_time_ns": null,
          "max_rounds": null
        },
        "stats": "[stats]"
      },
      {
        "name": "BenchmarkContainsMethods::RegexMatchString",
        "uri": "contains/contains_test.go::BenchmarkContainsMethods::RegexMatchString",
        "config": {
          "warmup_time_ns": null,
          "min_round_time_ns": null,
          "max_time_ns": null,
          "max_rounds": null
        },
        "stats": "[stats]"
      },
      {
        "name": "BenchmarkContainsMethods::Strings.Contains",
        "uri": "contains/contains_test.go::BenchmarkContainsMethods::Strings.Contains",
        "config": {
          "warmup_time_ns": null,
          "min_round_time_ns": null,
          "max_time_ns": null,
          "max_rounds": null
        },
        "stats": "[stats]"
      },
      {
        "name": "BenchmarkContainsNot",
        "uri": "contains/contains_test.go::BenchmarkContainsNot",
        "config": {
          "warmup_time_ns": null,
          "min_round_time_ns": null,
          "max_time_ns": null,
          "max_rounds": null
        },
        "stats": "[stats]"
      },
      {
        "name": "BenchmarkMatch",
        "uri": "contains/contains_test.go::BenchmarkMatch",
        "config": {
          "warmup_time_ns": null,
          "min_round_time_ns": null,
          "max_time_ns": null,
          "max_rounds": null
        },
        "stats": "[stats]"
      },
      {
        "name": "BenchmarkMatchNot",
        "uri": "contains/contains_test.go::BenchmarkMatchNot",
        "config": {
          "warmup_time_ns": null,
          "min_round_time_ns": null,
          "max_time_ns": null,
          "max_rounds": null
        },
        "stats": "[stats]"
      }
    ]
  },
  {
    "creator": {
      "name": "codspeed-go",
      "version": "[version]",
      "pid": "[pid]"
    },
    "instrument": {
      "type": "walltime"
    },
    "benchmarks": [
      {
        "name": "BenchmarkConcat::Buffer",
        "uri": "concat/concat_test.go::BenchmarkConcat::Buffer",
        "config": {
          "warmup_time_ns": null,
          "min_round_time_ns": null,
          "max_time_ns": null,
          "max_rounds": null
        },
        "stats": "[stats]"
      },
      {
        "name": "BenchmarkConcat::Builder",
        "uri": "concat/concat_test.go::BenchmarkConcat::Builder",
        "config": {
          "warmup_time_ns": null,
          "min_round_time_ns": null,
          "max_time_ns": null,
          "max_rounds": null
        },
        "stats": "[stats]"
      },
      {
        "name": "BenchmarkConcat::String",
        "uri": "concat/concat_test.go::BenchmarkConcat::String",
        "config": {
          "warmup_time_ns": null,
          "min_round_time_ns": null,
          "max_time_ns": null,
          "max_rounds": null
        },
        "stats": "[stats]"
      },
      {
        "name": "BenchmarkConcatBuffer",
        "uri": "concat/concat_test.go::BenchmarkConcatBuffer",
        "config": {
          "warmup_time_ns": null,
          "min_round_time_ns": null,
          "max_time_ns": null,
          "max_rounds": null
        },
        "stats": "[stats]"
      },
      {
        "name": "BenchmarkConcatBuilder",
        "uri": "concat/concat_test.go::BenchmarkConcatBuilder",
        "config": {
          "warmup_time_ns": null,
          "min_round_time_ns": null,
          "max_time_ns": null,
          "max_rounds": null
        },
        "stats": "[stats]"
      },
      {
        "name": "BenchmarkConcatString",
        "uri": "concat/concat_test.go::BenchmarkConcatString",
        "config": {
          "warmup_time_ns": null,
          "min_round_time_ns": null,
          "max_time_ns": null,
          "max_rounds": null
        },
        "stats": "[stats]"
      }
    ]
  },
  {
    "creator": {
      "name": "codspeed-go",
      "version": "[version]",
      "pid": "[pid]"
    },
    "instrument": {
      "type": "walltime"
    },
    "benchmarks": [
      {
        "name": "BenchmarkCryptoRand",
        "uri": "random/random_test.go::BenchmarkCryptoRand",
        "config": {
          "warmup_time_ns": null,
          "min_round_time_ns": null,
          "max_time_ns": null,
          "max_rounds": null
        },
        "stats": "[stats]"
      },
      {
        "name": "BenchmarkCryptoRandBytes",
        "uri": "random/random_test.go::BenchmarkCryptoRandBytes",
        "config": {
          "warmup_time_ns": null,
          "min_round_time_ns": null,
          "max_time_ns": null,
          "max_rounds": null
        },
        "stats": "[stats]"
      },
      {
        "name": "BenchmarkCryptoRandString",
        "uri": "random/random_test.go::BenchmarkCryptoRandString",
        "config": {
          "warmup_time_ns": null,
          "min_round_time_ns": null,
          "max_time_ns": null,
          "max_rounds": null
        },
        "stats": "[stats]"
      },
      {
        "name": "BenchmarkMathRand",
        "uri": "random/random_test.go::BenchmarkMathRand",
        "config": {
          "warmup_time_ns": null,
          "min_round_time_ns": null,
          "max_time_ns": null,
          "max_rounds": null
        },
        "stats": "[stats]"
      }
    ]
  },
  {
    "creator": {
      "name": "codspeed-go",
      "version": "[version]",
      "pid": "[pid]"
    },
    "instrument": {
      "type": "walltime"
    },
    "benchmarks": [
      {
        "name": "BenchmarkEmbed",
        "uri": "embed/embed_test.go::BenchmarkEmbed",
        "config": {
          "warmup_time_ns": null,
          "min_round_time_ns": null,
          "max_time_ns": null,
          "max_rounds": null
        },
        "stats": "[stats]"
      },
      {
        "name": "BenchmarkIoutilReadFile",
        "uri": "embed/embed_test.go::BenchmarkIoutilReadFile",
        "config": {
          "warmup_time_ns": null,
          "min_round_time_ns": null,
          "max_time_ns": null,
          "max_rounds": null
        },
        "stats": "[stats]"
      },
      {
        "name": "BenchmarkReadFile",
        "uri": "embed/embed_test.go::BenchmarkReadFile",
        "config": {
          "warmup_time_ns": null,
          "min_round_time_ns": null,
          "max_time_ns": null,
          "max_rounds": null
        },
        "stats": "[stats]"
      }
    ]
  },
  {
    "creator": {
      "name": "codspeed-go",
      "version": "[version]",
      "pid": "[pid]"
    },
    "instrument": {
      "type": "walltime"
    },
    "benchmarks": [
      {
        "name": "BenchmarkEqualFold",
        "uri": "caseinsensitivecompare/caseinsensitivecompare_test.go::BenchmarkEqualFold",
        "config": {
          "warmup_time_ns": null,
          "min_round_time_ns": null,
          "max_time_ns": null,
          "max_rounds": null
        },
        "stats": "[stats]"
      },
      {
        "name": "BenchmarkToLower",
        "uri": "caseinsensitivecompare/caseinsensitivecompare_test.go::BenchmarkToLower",
        "config": {
          "warmup_time_ns": null,
          "min_round_time_ns": null,
          "max_time_ns": null,
          "max_rounds": null
        },
        "stats": "[stats]"
      },
      {
        "name": "BenchmarkToUpper",
        "uri": "caseinsensitivecompare/caseinsensitivecompare_test.go::BenchmarkToUpper",
        "config": {
          "warmup_time_ns": null,
          "min_round_time_ns": null,
          "max_time_ns": null,
          "max_rounds": null
        },
        "stats": "[stats]"
      }
    ]
  },
  {
    "creator": {
      "name": "codspeed-go",
      "version": "[version]",
      "pid": "[pid]"
    },
    "instrument": {
      "type": "walltime"
    },
    "benchmarks": [
      {
        "name": "BenchmarkForMap",
        "uri": "foreach/foreach_test.go::BenchmarkForMap",
        "config": {
          "warmup_time_ns": null,
          "min_round_time_ns": null,
          "max_time_ns": null,
          "max_rounds": null
        },
        "stats": "[stats]"
      },
      {
        "name": "BenchmarkRangeMap",
        "uri": "foreach/foreach_test.go::BenchmarkRangeMap",
        "config": {
          "warmup_time_ns": null,
          "min_round_time_ns": null,
          "max_time_ns": null,
          "max_rounds": null
        },
        "stats": "[stats]"
      },
      {
        "name": "BenchmarkRangeSlice",
        "uri": "foreach/foreach_test.go::BenchmarkRangeSlice",
        "config": {
          "warmup_time_ns": null,
          "min_round_time_ns": null,
          "max_time_ns": null,
          "max_rounds": null
        },
        "stats": "[stats]"
      },
      {
        "name": "BenchmarkRangeSliceKey",
        "uri": "foreach/foreach_test.go::BenchmarkRangeSliceKey",
        "config": {
          "warmup_time_ns": null,
          "min_round_time_ns": null,
          "max_time_ns": null,
          "max_rounds": null
        },
        "stats": "[stats]"
      }
    ]
  },
  {
    "creator": {
      "name": "codspeed-go",
      "version": "[version]",
      "pid": "[pid]"
    },
    "instrument": {
      "type": "walltime"
    },
    "benchmarks": [
      {
        "name": "BenchmarkFulltextParse",
        "uri": "between/between_test.go::BenchmarkFulltextParse",
        "config": {
          "warmup_time_ns": null,
          "min_round_time_ns": null,
          "max_time_ns": null,
          "max_rounds": null
        },
        "stats": "[stats]"
      },
      {
        "name": "BenchmarkFulltextRegEx",
        "uri": "between/between_test.go::BenchmarkFulltextRegEx",
        "config": {
          "warmup_time_ns": null,
          "min_round_time_ns": null,
          "max_time_ns": null,
          "max_rounds": null
        },
        "stats": "[stats]"
      },
      {
        "name": "BenchmarkNumberParse",
        "uri": "between/between_test.go::BenchmarkNumberParse",
        "config": {
          "warmup_time_ns": null,
          "min_round_time_ns": null,
          "max_time_ns": null,
          "max_rounds": null
        },
        "stats": "[stats]"
      },
      {
        "name": "BenchmarkNumberRegEx",
        "uri": "between/between_test.go::BenchmarkNumberRegEx",
        "config": {
          "warmup_time_ns": null,
          "min_round_time_ns": null,
          "max_time_ns": null,
          "max_rounds": null
        },
        "stats": "[stats]"
      }
    ]
  },
  {
    "creator": {
      "name": "codspeed-go",
      "version": "[version]",
      "pid": "[pid]"
    },
    "instrument": {
      "type": "walltime"
    },
    "benchmarks": [
      {
        "name": "BenchmarkHTMLTemplate",
        "uri": "template/template_test.go::BenchmarkHTMLTemplate",
        "config": {
          "warmup_time_ns": null,
          "min_round_time_ns": null,
          "max_time_ns": null,
          "max_rounds": null
        },
        "stats": "[stats]"
      },
      {
        "name": "BenchmarkRegExp",
        "uri": "template/template_test.go::BenchmarkRegExp",
        "config": {
          "warmup_time_ns": null,
          "min_round_time_ns": null,
          "max_time_ns": null,
          "max_rounds": null
        },
        "stats": "[stats]"
      },
      {
        "name": "BenchmarkTextTemplate",
        "uri": "template/template_test.go::BenchmarkTextTemplate",
        "config": {
          "warmup_time_ns": null,
          "min_round_time_ns": null,
          "max_time_ns": null,
          "max_rounds": null
        },
        "stats": "[stats]"
      }
    ]
  },
  {
    "creator": {
      "name": "codspeed-go",
      "version": "[version]",
      "pid": "[pid]"
    },
    "instrument": {
      "type": "walltime"
    },
    "benchmarks": [
      {
        "name": "BenchmarkJsonMarshal",
        "uri": "json/json_test.go::BenchmarkJsonMarshal",
        "config": {
          "warmup_time_ns": null,
          "min_round_time_ns": null,
          "max_time_ns": null,
          "max_rounds": null
        },
        "stats": "[stats]"
      },
      {
        "name": "BenchmarkJsonUnmarshal",
        "uri": "json/json_test.go::BenchmarkJsonUnmarshal",
        "config": {
          "warmup_time_ns": null,
          "min_round_time_ns": null,
          "max_time_ns": null,
          "max_rounds": null
        },
        "stats": "[stats]"
      }
    ]
  },
  {
    "creator": {
      "name": "codspeed-go",
      "version": "[version]",
      "pid": "[pid]"
    },
    "instrument": {
      "type": "walltime"
    },
    "benchmarks": [
      {
        "name": "BenchmarkMapIntIndex",
        "uri": "index/index_test.go::BenchmarkMapIntIndex",
        "config": {
          "warmup_time_ns": null,
          "min_round_time_ns": null,
          "max_time_ns": null,
          "max_rounds": null
        },
        "stats": "[stats]"
      },
      {
        "name": "BenchmarkMapIntKeys",
        "uri": "index/index_test.go::BenchmarkMapIntKeys",
        "config": {
          "warmup_time_ns": null,
          "min_round_time_ns": null,
          "max_time_ns": null,
          "max_rounds": null
        },
        "stats": "[stats]"
      },
      {
        "name": "BenchmarkMapStringIndex",
        "uri": "index/index_test.go::BenchmarkMapStringIndex",
        "config": {
          "warmup_time_ns": null,
          "min_round_time_ns": null,
          "max_time_ns": null,
          "max_rounds": null
        },
        "stats": "[stats]"
      },
      {
        "name": "BenchmarkMapStringKeys",
        "uri": "index/index_test.go::BenchmarkMapStringKeys",
        "config": {
          "warmup_time_ns": null,
          "min_round_time_ns": null,
          "max_time_ns": null,
          "max_rounds": null
        },
        "stats": "[stats]"
      }
    ]
  },
  {
    "creator": {
      "name": "codspeed-go",
      "version": "[version]",
      "pid": "[pid]"
    },
    "instrument": {
      "type": "walltime"
    },
    "benchmarks": [
      {
        "name": "BenchmarkMatchString",
        "uri": "regexp/regexp_test.go::BenchmarkMatchString",
        "config": {
          "warmup_time_ns": null,
          "min_round_time_ns": null,
          "max_time_ns": null,
          "max_rounds": null
        },
        "stats": "[stats]"
      },
      {
        "name": "BenchmarkMatchStringCompiled",
        "uri": "regexp/regexp_test.go::BenchmarkMatchStringCompiled",
        "config": {
          "warmup_time_ns": null,
          "min_round_time_ns": null,
          "max_time_ns": null,
          "max_rounds": null
        },
        "stats": "[stats]"
      },
      {
        "name": "BenchmarkMatchStringGolibs",
        "uri": "regexp/regexp_test.go::BenchmarkMatchStringGolibs",
        "config": {
          "warmup_time_ns": null,
          "min_round_time_ns": null,
          "max_time_ns": null,
          "max_rounds": null
        },
        "stats": "[stats]"
      }
    ]
  },
  {
    "creator": {
      "name": "codspeed-go",
      "version": "[version]",
      "pid": "[pid]"
    },
    "instrument": {
      "type": "walltime"
    },
    "benchmarks": [
      {
        "name": "BenchmarkMathAtomicInt32",
        "uri": "math/math_test.go::BenchmarkMathAtomicInt32",
        "config": {
          "warmup_time_ns": null,
          "min_round_time_ns": null,
          "max_time_ns": null,
          "max_rounds": null
        },
        "stats": "[stats]"
      },
      {
        "name": "BenchmarkMathAtomicInt64",
        "uri": "math/math_test.go::BenchmarkMathAtomicInt64",
        "config": {
          "warmup_time_ns": null,
          "min_round_time_ns": null,
          "max_time_ns": null,
          "max_rounds": null
        },
        "stats": "[stats]"
      },
      {
        "name": "BenchmarkMathFloat32",
        "uri": "math/math_test.go::BenchmarkMathFloat32",
        "config": {
          "warmup_time_ns": null,
          "min_round_time_ns": null,
          "max_time_ns": null,
          "max_rounds": null
        },
        "stats": "[stats]"
      },
      {
        "name": "BenchmarkMathFloat64",
        "uri": "math/math_test.go::BenchmarkMathFloat64",
        "config": {
          "warmup_time_ns": null,
          "min_round_time_ns": null,
          "max_time_ns": null,
          "max_rounds": null
        },
        "stats": "[stats]"
      },
      {
        "name": "BenchmarkMathInt32",
        "uri": "math/math_test.go::BenchmarkMathInt32",
        "config": {
          "warmup_time_ns": null,
          "min_round_time_ns": null,
          "max_time_ns": null,
          "max_rounds": null
        },
        "stats": "[stats]"
      },
      {
        "name": "BenchmarkMathInt64",
        "uri": "math/math_test.go::BenchmarkMathInt64",
        "config": {
          "warmup_time_ns": null,
          "min_round_time_ns": null,
          "max_time_ns": null,
          "max_rounds": null
        },
        "stats": "[stats]"
      },
      {
        "name": "BenchmarkMathInt8",
        "uri": "math/math_test.go::BenchmarkMathInt8",
        "config": {
          "warmup_time_ns": null,
          "min_round_time_ns": null,
          "max_time_ns": null,
          "max_rounds": null
        },
        "stats": "[stats]"
      },
      {
        "name": "BenchmarkMathMutexInt",
        "uri": "math/math_test.go::BenchmarkMathMutexInt",
        "config": {
          "warmup_time_ns": null,
          "min_round_time_ns": null,
          "max_time_ns": null,
          "max_rounds": null
        },
        "stats": "[stats]"
      }
    ]
  },
  {
    "creator": {
      "name": "codspeed-go",
      "version": "[version]",
      "pid": "[pid]"
    },
    "instrument": {
      "type": "walltime"
    },
    "benchmarks": [
      {
        "name": "BenchmarkParseBool",
        "uri": "parse/parse_test.go::BenchmarkParseBool",
        "config": {
          "warmup_time_ns": null,
          "min_round_time_ns": null,
          "max_time_ns": null,
          "max_rounds": null
        },
        "stats": "[stats]"
      },
      {
        "name": "BenchmarkParseFloat",
        "uri": "parse/parse_test.go::BenchmarkParseFloat",
        "config": {
          "warmup_time_ns": null,
          "min_round_time_ns": null,
          "max_time_ns": null,
          "max_rounds": null
        },
        "stats": "[stats]"
      },
      {
        "name": "BenchmarkParseInt",
        "uri": "parse/parse_test.go::BenchmarkParseInt",
        "config": {
          "warmup_time_ns": null,
          "min_round_time_ns": null,
          "max_time_ns": null,
          "max_rounds": null
        },
        "stats": "[stats]"
      }
    ]
  }
]
