---
source: go-runner/src/integration_tests.rs
expression: results
---
[
  {
    "creator": {
      "name": "codspeed-go",
      "version": "[version]",
      "pid": "[pid]"
    },
    "instrument": {
      "type": "walltime"
    },
    "benchmarks": [
      {
        "name": "BenchmarkExample",
        "uri": "example/very/nested/module/example_test.go::BenchmarkExample",
        "config": {
          "warmup_time_ns": null,
          "min_round_time_ns": null,
          "max_time_ns": null,
          "max_rounds": null
        },
        "stats": "[stats]"
      }
    ]
  },
  {
    "creator": {
      "name": "codspeed-go",
      "version": "[version]",
      "pid": "[pid]"
    },
    "instrument": {
      "type": "walltime"
    },
    "benchmarks": [
      {
        "name": "BenchmarkFibonacci10::fibonacci(10)::fibonacci(10)",
        "uri": "example/fib_test.go::BenchmarkFibonacci10::fibonacci(10)::fibonacci(10)",
        "config": {
          "warmup_time_ns": null,
          "min_round_time_ns": null,
          "max_time_ns": null,
          "max_rounds": null
        },
        "stats": "[stats]"
      },
      {
        "name": "BenchmarkFibonacci20_Loop",
        "uri": "example/fib_test.go::BenchmarkFibonacci20_Loop",
        "config": {
          "warmup_time_ns": null,
          "min_round_time_ns": null,
          "max_time_ns": null,
          "max_rounds": null
        },
        "stats": "[stats]"
      },
      {
        "name": "BenchmarkFibonacci20_bN",
        "uri": "example/fib_test.go::BenchmarkFibonacci20_bN",
        "config": {
          "warmup_time_ns": null,
          "min_round_time_ns": null,
          "max_time_ns": null,
          "max_rounds": null
        },
        "stats": "[stats]"
      },
      {
        "name": "BenchmarkSleep100ns",
        "uri": "example/sleep_test.go::BenchmarkSleep100ns",
        "config": {
          "warmup_time_ns": null,
          "min_round_time_ns": null,
          "max_time_ns": null,
          "max_rounds": null
        },
        "stats": "[stats]"
      },
      {
        "name": "BenchmarkSleep100ns_Loop",
        "uri": "example/sleep_test.go::BenchmarkSleep100ns_Loop",
        "config": {
          "warmup_time_ns": null,
          "min_round_time_ns": null,
          "max_time_ns": null,
          "max_rounds": null
        },
        "stats": "[stats]"
      },
      {
        "name": "BenchmarkSleep100us",
        "uri": "example/sleep_test.go::BenchmarkSleep100us",
        "config": {
          "warmup_time_ns": null,
          "min_round_time_ns": null,
          "max_time_ns": null,
          "max_rounds": null
        },
        "stats": "[stats]"
      },
      {
        "name": "BenchmarkSleep100us_Loop",
        "uri": "example/sleep_test.go::BenchmarkSleep100us_Loop",
        "config": {
          "warmup_time_ns": null,
          "min_round_time_ns": null,
          "max_time_ns": null,
          "max_rounds": null
        },
        "stats": "[stats]"
      },
      {
        "name": "BenchmarkSleep10ms",
        "uri": "example/sleep_test.go::BenchmarkSleep10ms",
        "config": {
          "warmup_time_ns": null,
          "min_round_time_ns": null,
          "max_time_ns": null,
          "max_rounds": null
        },
        "stats": "[stats]"
      },
      {
        "name": "BenchmarkSleep10ms_Loop",
        "uri": "example/sleep_test.go::BenchmarkSleep10ms_Loop",
        "config": {
          "warmup_time_ns": null,
          "min_round_time_ns": null,
          "max_time_ns": null,
          "max_rounds": null
        },
        "stats": "[stats]"
      },
      {
        "name": "BenchmarkSleep10us",
        "uri": "example/sleep_test.go::BenchmarkSleep10us",
        "config": {
          "warmup_time_ns": null,
          "min_round_time_ns": null,
          "max_time_ns": null,
          "max_rounds": null
        },
        "stats": "[stats]"
      },
      {
        "name": "BenchmarkSleep10us_Loop",
        "uri": "example/sleep_test.go::BenchmarkSleep10us_Loop",
        "config": {
          "warmup_time_ns": null,
          "min_round_time_ns": null,
          "max_time_ns": null,
          "max_rounds": null
        },
        "stats": "[stats]"
      },
      {
        "name": "BenchmarkSleep1ms",
        "uri": "example/sleep_test.go::BenchmarkSleep1ms",
        "config": {
          "warmup_time_ns": null,
          "min_round_time_ns": null,
          "max_time_ns": null,
          "max_rounds": null
        },
        "stats": "[stats]"
      },
      {
        "name": "BenchmarkSleep1ms_Loop",
        "uri": "example/sleep_test.go::BenchmarkSleep1ms_Loop",
        "config": {
          "warmup_time_ns": null,
          "min_round_time_ns": null,
          "max_time_ns": null,
          "max_rounds": null
        },
        "stats": "[stats]"
      },
      {
        "name": "BenchmarkSleep1us",
        "uri": "example/sleep_test.go::BenchmarkSleep1us",
        "config": {
          "warmup_time_ns": null,
          "min_round_time_ns": null,
          "max_time_ns": null,
          "max_rounds": null
        },
        "stats": "[stats]"
      },
      {
        "name": "BenchmarkSleep1us_Loop",
        "uri": "example/sleep_test.go::BenchmarkSleep1us_Loop",
        "config": {
          "warmup_time_ns": null,
          "min_round_time_ns": null,
          "max_time_ns": null,
          "max_rounds": null
        },
        "stats": "[stats]"
      },
      {
        "name": "BenchmarkSleep50ms",
        "uri": "example/sleep_test.go::BenchmarkSleep50ms",
        "config": {
          "warmup_time_ns": null,
          "min_round_time_ns": null,
          "max_time_ns": null,
          "max_rounds": null
        },
        "stats": "[stats]"
      },
      {
        "name": "BenchmarkSleep50ms_Loop",
        "uri": "example/sleep_test.go::BenchmarkSleep50ms_Loop",
        "config": {
          "warmup_time_ns": null,
          "min_round_time_ns": null,
          "max_time_ns": null,
          "max_rounds": null
        },
        "stats": "[stats]"
      }
    ]
  },
  {
    "creator": {
      "name": "codspeed-go",
      "version": "[version]",
      "pid": "[pid]"
    },
    "instrument": {
      "type": "walltime"
    },
    "benchmarks": [
      {
        "name": "BenchmarkTestifyWithNew",
        "uri": "example/compat/testify_test.go::BenchmarkTestifyWithNew",
        "config": {
          "warmup_time_ns": null,
          "min_round_time_ns": null,
          "max_time_ns": null,
          "max_rounds": null
        },
        "stats": "[stats]"
      },
      {
        "name": "BenchmarkTestifyWithT",
        "uri": "example/compat/testify_test.go::BenchmarkTestifyWithT",
        "config": {
          "warmup_time_ns": null,
          "min_round_time_ns": null,
          "max_time_ns": null,
          "max_rounds": null
        },
        "stats": "[stats]"
      }
    ]
  }
]
