---
source: src/integration_tests.rs
expression: content
---
{
  "creator": {
    "name": "codspeed-go",
    "version": "0.1.0",
    "pid": "[pid]"
  },
  "instrument": {
    "type": "walltime"
  },
  "benchmarks": [
    {
      "name": "BenchmarkLoad",
      "uri": "config/allconfig/load_test.go::BenchmarkLoad",
      "config": {
        "warmup_time_ns": null,
        "min_round_time_ns": null,
        "max_time_ns": null,
        "max_rounds": null
      },
      "stats": "[stats]"
    }
  ]
}
